// Vitest Snapshot v1, https://vitest.dev/guide/snapshot.html

exports[`creates a mock query value 1`] = `
[
  {
    "next_page": null,
    "page": 1,
    "prev_page": null,
    "results": [],
    "results_per_page": 100,
    "results_size": 0,
    "total_pages": 0,
    "total_results_size": 0,
  },
  {
    "next_page": null,
    "page": 1,
    "prev_page": null,
    "results": [],
    "results_per_page": 100,
    "results_size": 0,
    "total_pages": 0,
    "total_results_size": 0,
  },
]
`;

exports[`supports number seed 1`] = `
[
  {
    "next_page": null,
    "page": 1,
    "prev_page": null,
    "results": [],
    "results_per_page": 100,
    "results_size": 0,
    "total_pages": 0,
    "total_results_size": 0,
  },
  {
    "next_page": null,
    "page": 1,
    "prev_page": null,
    "results": [],
    "results_per_page": 100,
    "results_size": 0,
    "total_pages": 0,
    "total_results_size": 0,
  },
]
`;
