// Vitest Snapshot v1, https://vitest.dev/guide/snapshot.html

exports[`creates a mock CustomType field value 1`] = `
[
  {
    "alternate_languages": [],
    "data": {},
    "first_publication_date": "2020-05-15T13:19:44.171Z",
    "href": "https://volutpat.example",
    "id": "da659ff",
    "lang": "velit",
    "last_publication_date": "2024-03-26T12:40:04.647Z",
    "linked_documents": [],
    "slugs": [],
    "tags": [
      "Sit",
    ],
    "type": "sed",
    "uid": null,
    "url": "https://odio.example",
  },
  {
    "alternate_languages": [],
    "data": {},
    "first_publication_date": "2020-05-15T13:19:44.171Z",
    "href": "https://volutpat.example",
    "id": "da659ff",
    "lang": "velit",
    "last_publication_date": "2024-03-26T12:40:04.647Z",
    "linked_documents": [],
    "slugs": [],
    "tags": [
      "Sit",
    ],
    "type": "sed",
    "uid": null,
    "url": "https://odio.example",
  },
]
`;

exports[`supports number seed 1`] = `
[
  {
    "alternate_languages": [],
    "data": {},
    "first_publication_date": "2020-06-01T20:23:59.940Z",
    "href": "https://cursus.example",
    "id": "bbe1d2f",
    "lang": "ipsum",
    "last_publication_date": "2023-08-23T09:11:23.239Z",
    "linked_documents": [],
    "slugs": [],
    "tags": [
      "Pellentesque",
    ],
    "type": "aliquam",
    "uid": null,
    "url": "https://aliquam.example",
  },
  {
    "alternate_languages": [],
    "data": {},
    "first_publication_date": "2020-06-01T20:23:59.940Z",
    "href": "https://cursus.example",
    "id": "bbe1d2f",
    "lang": "ipsum",
    "last_publication_date": "2023-08-23T09:11:23.239Z",
    "linked_documents": [],
    "slugs": [],
    "tags": [
      "Pellentesque",
    ],
    "type": "aliquam",
    "uid": null,
    "url": "https://aliquam.example",
  },
]
`;
